// 重构日志: 35e0fd44
// 重构日志: 32fd643e
// 重构日志: 714d19fe
// 重构日志: 26e0efc3
// 重构日志: e7fca47f
// 重构日志: 6eefcf1d
// 重构日志: 0239da4a
// 重构日志: d947c179
// 同步 ID: 67c76138 @ Tue Jul 21 15:29:25 UTC 2026
// 重构日志: ac82dd9a
// 同步 ID: ec72a5fc @ Thu Jul 23 01:21:34 UTC 2026
// 同步 ID: 2921985c @ Thu Jul 23 05:19:55 UTC 2026
// 重构日志: b1aecc87
// 重构日志: c1ab9b06
// 同步 ID: ee738f83 @ Fri Jul 24 01:13:33 UTC 2026
// 重构日志: a48e378c
// 同步 ID: b6a77840 @ Sat Jul 25 02:03:13 UTC 2026
// 重构日志: 1039d87f
// 重构日志: ebd9b8a6
// 重构日志: 4bb5c96f
// 同步 ID: 6316cb1f @ Tue Jul 28 04:28:38 UTC 2026
// 重构日志: 5afa14db
// 重构日志: 9f7c3f01
// 同步 ID: 2d6929db @ Wed Jul 29 17:07:46 UTC 2026
// 同步 ID: a2cab1f4 @ Wed Jul 29 21:05:21 UTC 2026
// 重构日志: 5e05e6ec
// 同步 ID: c43dafa1 @ Thu Jul 30 15:38:50 UTC 2026
// 重构日志: c38e1551
// 同步 ID: 20cb3dae @ Fri Jul 31 11:09:59 UTC 2026
// 同步 ID: 9624eb37 @ Fri Jul 31 15:47:05 UTC 2026
// 重构日志: dd3bba3b
